<html>
<body>
<pre>
<h1>µVision Build Log</h1>
<h2>Project:</h2>
C:\Users\mero_\Desktop\connect4game_TivaC-master\src\connect4.uvproj
Project File Date:  06/15/2019

<h2>Output:</h2>
Rebuild target 'Connect4'
assembling startup.s...
compiling Nokia5110.c...
assembling random.s...
compiling TExaS.c...
compiling Connect4.c...
img.h(60): warning:  #1-D: last line of file ends without a newline
  };
Connect4.c(593): warning:  #223-D: function "rand" declared implicitly
                        decision = rand()%7;
Connect4.c(836): warning:  #1-D: last line of file ends without a newline
  }
Connect4.c: 3 warnings, 0 errors
linking...
Program Size: Code=11460 RO-data=3484 RW-data=204 ZI-data=3148  
".\SpaceInvaders.axf" - 0 Error(s), 3 Warning(s).
Load "C:\\Users\\mero_\\Desktop\\connect4game_TivaC-master\\src\\SpaceInvaders.axf" 
Connecting: Mode=JTAG, Speed=1000000Hz
Erase Done.
Programming Done.
Verify OK.
</pre>
</body>
</html>
rget DLL has been cancelled
